test_semihosting.c:59:6:I2C1_GPIOInit	24	static
test_semihosting.c:81:6:I2C1_Init	8	static
test_semihosting.c:93:6:GPIO_ButtonInit	24	static
test_semihosting.c:109:5:main	16	static
test_semihosting.c:154:6:MPU6050_I2C_ByteWrite	24	static
test_semihosting.c:173:6:MPU6050_I2C_BufferRead	24	static
test_semihosting.c:201:6:MPU6050_Initialize	8	static
test_semihosting.c:213:6:MPU6050_TestConnection	8	static
test_semihosting.c:229:9:MPU6050_GetDeviceID	24	static
test_semihosting.c:265:6:MPU6050_SetClockSource	24	static
test_semihosting.c:278:6:MPU6050_SetFullScaleGyroRange	24	static
test_semihosting.c:302:9:MPU6050_GetFullScaleGyroRange	24	static
test_semihosting.c:325:9:MPU6050_GetFullScaleAccelRange	24	static
test_semihosting.c:335:6:MPU6050_SetFullScaleAccelRange	24	static
test_semihosting.c:351:6:MPU6050_GetSleepModeStatus	16	static
test_semihosting.c:366:6:MPU6050_SetSleepModeStatus	16	static
test_semihosting.c:376:6:MPU6050_GetRawAccelGyro	32	static
test_semihosting.c:396:6:MPU6050_WriteBits	32	static
test_semihosting.c:420:6:MPU6050_WriteBit	32	static
test_semihosting.c:435:6:MPU6050_ReadBits	32	static
test_semihosting.c:457:6:MPU6050_ReadBit	24	static
